npm warn Unknown project config "enable-pre-post-scripts". This will stop working in the next major version of npm.

> build
> cross-env NODE_OPTIONS=--no-deprecation next build

   ▲ Next.js 15.4.11
   - Environments: .env

   Creating an optimized production build ...
/*! 🌼 daisyUI 5.5.19 */
 ✓ Compiled successfully in 13.0s
   Linting and checking validity of types ...

./src/collections/Posts/hooks/populateAuthors.ts
8:71  Warning: 'req' is defined but never used. Allowed unused args must match /^_/u.  @typescript-eslint/no-unused-vars

./src/components/Logo/AdminIcon.tsx
18:12  Warning: Using `<img>` could result in slower LCP and higher bandwidth. Consider using `<Image />` from `next/image` or a custom image loader to automatically optimize images. This may incur additional usage or cost from your provider. See: https://nextjs.org/docs/messages/no-img-element  @next/next/no-img-element

./src/components/Logo/Icon.tsx
4:10  Warning: Using `<img>` could result in slower LCP and higher bandwidth. Consider using `<Image />` from `next/image` or a custom image loader to automatically optimize images. This may incur additional usage or cost from your provider. See: https://nextjs.org/docs/messages/no-img-element  @next/next/no-img-element

./src/components/ui/FullPathCell.tsx
4:63  Warning: Unexpected any. Specify a different type.  @typescript-eslint/no-explicit-any

./src/components/ui/FullTitleCell.tsx
4:64  Warning: Unexpected any. Specify a different type.  @typescript-eslint/no-explicit-any
9:37  Warning: Unexpected any. Specify a different type.  @typescript-eslint/no-explicit-any

./src/endpoints/seed/contact-page.ts
9:3  Warning: 'contactForm' is defined but never used. Allowed unused args must match /^_/u.  @typescript-eslint/no-unused-vars

./src/endpoints/seed/home.ts
10:3  Warning: 'heroImage' is defined but never used. Allowed unused args must match /^_/u.  @typescript-eslint/no-unused-vars

./src/endpoints/seed/index.ts
49:19  Warning: Unexpected any. Specify a different type.  @typescript-eslint/no-explicit-any

info  - Need to disable some ESLint rules? Learn more here: https://nextjs.org/docs/app/api-reference/config/eslint#disabling-rules
   Collecting page data ...
   Generating static pages (0/50) ...
   Generating static pages (12/50) 
   Generating static pages (24/50) 
   Generating static pages (37/50) 
 ✓ Generating static pages (50/50)
   Finalizing page optimization ...
   Collecting build traces ...

Route (app)                                                   Size  First Load JS  Revalidate  Expire
┌ ○ /                                                      1.19 kB         103 kB
├ ○ /_not-found                                              999 B         102 kB
├ ● /[...slug]                                             1.19 kB         103 kB
├   ├ /services/airbnb-management
├   ├ /services/ota-management/graphical-content-creation
├   ├ /services/ota-management/monthly-finance-reporting
├   └ [+33 more paths]
├ ƒ /admin/[[...segments]]                                 1.45 kB         737 kB
├ ƒ /api/[...slug]                                           177 B         102 kB
├ ƒ /api/graphql                                             145 B         102 kB
├ ƒ /api/graphql-playground                                  177 B         102 kB
├ ○ /disconnected-test                                       168 B         105 kB
├ ƒ /next/exit-preview                                       145 B         102 kB
├ ƒ /next/preview                                            145 B         102 kB
├ ƒ /next/seed                                               145 B         102 kB
├ ƒ /pages-sitemap.xml                                       145 B         102 kB
├ ○ /posts                                                   328 B         126 kB         10m      1y
├ ƒ /posts-sitemap.xml                                       145 B         102 kB
├ ● /posts/[slug]                                            32 kB         152 kB
├ ● /posts/page/[pageNumber]                                 326 B         126 kB
└ ƒ /search                                                5.26 kB         125 kB
+ First Load JS shared by all                               101 kB
  ├ chunks/4bd1b696-cc729d47eba2cee4.js                    54.1 kB
  ├ chunks/5964-217149ecc4b4e5f3.js                          44 kB
  └ other shared chunks (total)                            3.32 kB


○  (Static)   prerendered as static content
●  (SSG)      prerendered as static HTML (uses generateStaticParams)
ƒ  (Dynamic)  server-rendered on demand


> postbuild
> next-sitemap --config next-sitemap.config.cjs

✨ [next-sitemap] Loading next-sitemap config: file:///Users/shohanurrahmantalukderroney/WEB%20PROJECTS/assistophere-web/next-sitemap.config.cjs
✅ [next-sitemap] Generation completed
┌───────────────┬────────┐
│ (index)       │ Values │
├───────────────┼────────┤
│ indexSitemaps │ 1      │
│ sitemaps      │ 1      │
└───────────────┴────────┘
-----------------------------------------------------
 SITEMAP INDICES 
-----------------------------------------------------

   ○ http://localhost:3000/sitemap.xml


-----------------------------------------------------
 SITEMAPS 
-----------------------------------------------------

   ○ http://localhost:3000/sitemap-0.xml


